2025-03-13 01:15:28,663 - main - INFO - Scraping partners with location filter: United States
2025-03-13 01:15:28,663 - WDM - INFO - ====== WebDriver manager ======
2025-03-13 01:15:34,239 - WDM - INFO - Get LATEST chromedriver version for google-chrome
2025-03-13 01:15:34,689 - WDM - INFO - Get LATEST chromedriver version for google-chrome
2025-03-13 01:15:34,928 - WDM - INFO - There is no [mac64] chromedriver "134.0.6998.88" for browser google-chrome "134.0.6998" in cache
2025-03-13 01:15:34,938 - WDM - INFO - Get LATEST chromedriver version for google-chrome
2025-03-13 01:15:35,708 - WDM - INFO - WebDriver version 134.0.6998.88 selected
2025-03-13 01:15:35,711 - WDM - INFO - Modern chrome version https://storage.googleapis.com/chrome-for-testing-public/134.0.6998.88/mac-arm64/chromedriver-mac-arm64.zip
2025-03-13 01:15:35,711 - WDM - INFO - About to download new driver from https://storage.googleapis.com/chrome-for-testing-public/134.0.6998.88/mac-arm64/chromedriver-mac-arm64.zip
2025-03-13 01:15:36,125 - WDM - INFO - Driver downloading response is 200
2025-03-13 01:15:37,556 - WDM - INFO - Get LATEST chromedriver version for google-chrome
2025-03-13 01:15:37,908 - WDM - INFO - Driver has been saved in cache [/Users/paruljuniwal/.wdm/drivers/chromedriver/mac64/134.0.6998.88]
2025-03-13 01:15:49,414 - azure_partner_scraper_selenium - INFO - Applying filter: location = United States
2025-03-13 01:16:09,478 - azure_partner_scraper_selenium - WARNING - Could not find filter 'location' with value 'United States'
2025-03-13 01:16:14,556 - azure_partner_scraper_selenium - INFO - Saving HTML content to: ./partner-dir.html
2025-03-13 01:16:14,561 - azure_partner_scraper_selenium - INFO - Processing page 1
2025-03-13 01:17:27,761 - azure_partner_scraper_selenium - WARNING - No partner cards found on the page
2025-03-13 01:17:27,761 - azure_partner_scraper_selenium - INFO - Extracted 0 partners from page 1
2025-03-13 01:17:27,859 - azure_partner_scraper_selenium - INFO - Saving HTML content to: ./partner-dir-page-1.html
2025-03-13 01:18:48,312 - azure_partner_scraper_selenium - INFO - No next page button found or button is disabled
2025-03-13 01:18:48,313 - azure_partner_scraper_selenium - INFO - No more pages available
2025-03-13 01:18:48,474 - main - INFO - Scraped 0 partners
2025-03-13 01:18:48,474 - azure_partner_scraper_selenium - INFO - Saving 0 partners to: ./azure_partners.json
2025-03-13 01:22:06,922 - main - INFO - Scraping partners with location filter: United States
2025-03-13 01:22:06,922 - WDM - INFO - ====== WebDriver manager ======
2025-03-13 01:22:07,107 - WDM - INFO - Get LATEST chromedriver version for google-chrome
2025-03-13 01:22:07,376 - WDM - INFO - Get LATEST chromedriver version for google-chrome
2025-03-13 01:22:07,692 - WDM - INFO - Driver [/Users/paruljuniwal/.wdm/drivers/chromedriver/mac64/134.0.6998.88/chromedriver-mac-arm64/chromedriver] found in cache
2025-03-13 01:22:17,554 - azure_partner_scraper_selenium - INFO - Applying filter: location = United States
2025-03-13 01:22:37,647 - azure_partner_scraper_selenium - WARNING - Could not find filter 'location' with value 'United States'
2025-03-13 01:22:42,729 - azure_partner_scraper_selenium - INFO - Saving HTML content to: ./partner-dir.html
2025-03-13 01:22:42,733 - azure_partner_scraper_selenium - INFO - Processing page 1
2025-03-13 01:22:45,736 - azure_partner_scraper_selenium - INFO - Analyzing page structure to find partner cards
2025-03-13 01:22:45,936 - azure_partner_scraper_selenium - INFO - Found 45 unique class names on the page
2025-03-13 01:22:45,936 - azure_partner_scraper_selenium - INFO - Potential card classes: ms-List-surface, ms-List, ms-StackItem
2025-03-13 01:24:46,334 - azure_partner_scraper_selenium - INFO - Found 5 potential partner cards with selector: .ms-StackItem
2025-03-13 01:24:46,334 - azure_partner_scraper_selenium - INFO - Processing 5 partner cards
2025-03-13 01:28:36,394 - urllib3.connectionpool - WARNING - Retrying (Retry(total=2, connect=None, read=None, redirect=None, status=None)) after connection broken by 'NewConnectionError('<urllib3.connection.HTTPConnection object at 0x107a44210>: Failed to establish a new connection: [Errno 61] Connection refused')': /session/5062b0205367e497bcdc4219b807c459
2025-03-13 01:28:36,396 - urllib3.connectionpool - WARNING - Retrying (Retry(total=1, connect=None, read=None, redirect=None, status=None)) after connection broken by 'NewConnectionError('<urllib3.connection.HTTPConnection object at 0x107a318d0>: Failed to establish a new connection: [Errno 61] Connection refused')': /session/5062b0205367e497bcdc4219b807c459
2025-03-13 01:28:36,397 - urllib3.connectionpool - WARNING - Retrying (Retry(total=0, connect=None, read=None, redirect=None, status=None)) after connection broken by 'NewConnectionError('<urllib3.connection.HTTPConnection object at 0x107aa8110>: Failed to establish a new connection: [Errno 61] Connection refused')': /session/5062b0205367e497bcdc4219b807c459
